\BOOKMARK [1][-]{Item.8}{\376\377\000A\000u\000d\000i\000e\000n\000c\000e\000\040\000a\000n\000d\000\040\000r\000e\000a\000d\000i\000n\000g\000\040\000p\000a\000t\000h\000s}{}% 1
\BOOKMARK [1][-]{section.1}{\376\377\000I\000m\000p\000l\000e\000m\000e\000n\000t\000a\000t\000i\000o\000n\000\040\000b\000a\000s\000i\000s\000\040\000a\000n\000d\000\040\000m\000e\000t\000h\000o\000d}{}% 2
\BOOKMARK [2][-]{subsection.1.1}{\376\377\000S\000o\000u\000r\000c\000e\000\040\000c\000o\000o\000r\000d\000i\000n\000a\000t\000e}{section.1}% 3
\BOOKMARK [2][-]{subsection.1.2}{\376\377\000C\000o\000n\000t\000r\000i\000b\000u\000t\000i\000o\000n\000\040\000m\000a\000p}{section.1}% 4
\BOOKMARK [2][-]{subsection.1.3}{\376\377\000A\000r\000c\000h\000i\000t\000e\000c\000t\000u\000r\000a\000l\000\040\000p\000a\000t\000h\000\040\000t\000h\000r\000o\000u\000g\000h\000\040\000t\000h\000e\000\040\000i\000m\000p\000l\000e\000m\000e\000n\000t\000a\000t\000i\000o\000n}{section.1}% 5
\BOOKMARK [1][-]{section.2}{\376\377\000T\000h\000e\000\040\000l\000a\000n\000g\000u\000a\000g\000e\000\040\000s\000y\000s\000t\000e\000m\000\040\000i\000n\000\040\000o\000n\000e\000\040\000v\000i\000e\000w}{}% 6
\BOOKMARK [2][-]{subsection.2.1}{\376\377\000H\000o\000s\000t\000e\000d\000\040\000o\000r\000c\000h\000e\000s\000t\000r\000a\000t\000i\000o\000n}{section.2}% 7
\BOOKMARK [2][-]{subsection.2.2}{\376\377\000P\000r\000o\000j\000e\000c\000t\000\040\000e\000x\000e\000c\000u\000t\000i\000o\000n}{section.2}% 8
\BOOKMARK [2][-]{subsection.2.3}{\376\377\000N\000a\000t\000i\000v\000e\000\040\000s\000y\000s\000t\000e\000m\000s\000\040\000e\000x\000e\000c\000u\000t\000i\000o\000n}{section.2}% 9
\BOOKMARK [2][-]{subsection.2.4}{\376\377\000W\000o\000r\000l\000d\000\040\000l\000a\000y\000e\000r\000s}{section.2}% 10
\BOOKMARK [1][-]{section.3}{\376\377\000T\000h\000e\000\040\000c\000u\000r\000r\000e\000n\000t\000\040\000e\000x\000e\000c\000u\000t\000i\000o\000n\000\040\000c\000o\000n\000s\000t\000i\000t\000u\000t\000i\000o\000n}{}% 11
\BOOKMARK [2][-]{subsection.3.1}{\376\377\000I\000n\000d\000e\000p\000e\000n\000d\000e\000n\000t\000\040\000o\000s\000t\000a\000d\000i\000x\000-\000a\000p\000i\000\040\000o\000w\000n\000e\000r\000s\000h\000i\000p}{section.3}% 12
\BOOKMARK [2][-]{subsection.3.2}{\376\377\000T\000h\000e\000\040\000u\000n\000i\000f\000i\000e\000d\000\040\000l\000o\000w\000e\000r\000c\000a\000s\000e\000\040\000o\000\040\000f\000r\000o\000n\000t\000\040\000d\000o\000o\000r}{section.3}% 13
\BOOKMARK [2][-]{subsection.3.3}{\376\377\000G\000r\000a\000p\000h\000\040\000V\0002\000,\000\040\000E\000v\000i\000d\000e\000n\000c\000e\000\040\000V\0006\000,\000\040\000A\000d\000m\000i\000s\000s\000i\000o\000n\000\040\000V\0006\000,\000\040\000a\000n\000d\000\040\000W\000h\000y\000\040\000V\0002}{section.3}% 14
\BOOKMARK [2][-]{subsection.3.4}{\376\377\000T\000h\000e\000\040\000t\000e\000n\000-\000t\000o\000o\000l\000\040\000O\000s\000t\000a\000d\000i\000x\000\040\000M\000C\000P}{section.3}% 15
\BOOKMARK [2][-]{subsection.3.5}{\376\377\000R\000e\000c\000i\000p\000r\000o\000c\000a\000l\000\040\000L\000A\000N\000\040\000p\000a\000i\000r\000i\000n\000g\000\040\000a\000n\000d\000\040\000p\000i\000n\000n\000e\000d\000\040\000T\000L\000S}{section.3}% 16
\BOOKMARK [2][-]{subsection.3.6}{\376\377\000C\000a\000p\000a\000c\000i\000t\000y\000-\000f\000i\000r\000s\000t\000\040\000P\000r\000o\000j\000e\000c\000t\000\040\000M\000e\000s\000h}{section.3}% 17
\BOOKMARK [2][-]{subsection.3.7}{\376\377\000I\000n\000f\000o\000r\000m\000a\000t\000i\000o\000n\000\040\000K\000e\000r\000n\000e\000l\000,\000\040\000B\000r\000i\000d\000g\000e\000,\000\040\000a\000n\000d\000\040\000P\000r\000o\000v\000e\000n\000a\000n\000c\000e}{section.3}% 18
\BOOKMARK [2][-]{subsection.3.8}{\376\377\000R\000e\000g\000i\000s\000t\000r\000y\000\040\000V\0001}{section.3}% 19
\BOOKMARK [2][-]{subsection.3.9}{\376\377\000W\000o\000r\000l\000d\000\040\000i\000d\000e\000n\000t\000i\000t\000i\000e\000s\000,\000\040\000v\000a\000l\000u\000e\000s\000,\000\040\000p\000r\000o\000t\000o\000c\000o\000l\000s\000,\000\040\000a\000n\000d\000\040\000r\000e\000c\000e\000i\000p\000t\000s}{section.3}% 20
\BOOKMARK [1][-]{section.4}{\376\377\000H\000o\000s\000t\000e\000d\000\040\000s\000u\000r\000f\000a\000c\000e\000\040\000l\000a\000n\000g\000u\000a\000g\000e}{}% 21
\BOOKMARK [2][-]{subsection.4.1}{\376\377\000I\000m\000p\000l\000e\000m\000e\000n\000t\000e\000d\000\040\000s\000t\000r\000u\000c\000t\000u\000r\000a\000l\000\040\000g\000r\000a\000m\000m\000a\000r}{section.4}% 22
\BOOKMARK [2][-]{subsection.4.2}{\376\377\000F\000i\000r\000s\000t\000\040\000e\000x\000a\000m\000p\000l\000e\000:\000\040\000e\000v\000a\000l\000u\000a\000t\000o\000r\000-\000i\000n\000d\000e\000x\000e\000d\000\040\000e\000x\000p\000r\000e\000s\000s\000i\000o\000n\000s}{section.4}% 23
\BOOKMARK [2][-]{subsection.4.3}{\376\377\000B\000i\000n\000d\000i\000n\000g\000s\000\040\000a\000n\000d\000\040\000d\000e\000p\000e\000n\000d\000e\000n\000c\000i\000e\000s}{section.4}% 24
\BOOKMARK [2][-]{subsection.4.4}{\376\377\000P\000e\000r\000s\000i\000s\000t\000e\000n\000t\000\040\000a\000n\000d\000\040\000e\000p\000h\000e\000m\000e\000r\000a\000l\000\040\000e\000v\000a\000l\000u\000a\000t\000o\000r\000s}{section.4}% 25
\BOOKMARK [1][-]{section.5}{\376\377\000H\000o\000s\000t\000e\000d\000\040\000d\000y\000n\000a\000m\000i\000c\000\040\000s\000e\000m\000a\000n\000t\000i\000c\000s}{}% 26
\BOOKMARK [2][-]{subsection.5.1}{\376\377\000E\000v\000a\000l\000u\000a\000t\000i\000o\000n\000\040\000o\000r\000d\000e\000r}{section.5}% 27
\BOOKMARK [2][-]{subsection.5.2}{\376\377\000Q\000u\000o\000t\000a\000t\000i\000o\000n\000\040\000a\000n\000d\000\040\000m\000e\000t\000a\000-\000e\000v\000a\000l\000u\000a\000t\000i\000o\000n}{section.5}% 28
\BOOKMARK [2][-]{subsection.5.3}{\376\377\000D\000e\000m\000a\000n\000d\000\040\000p\000o\000l\000i\000c\000i\000e\000s\000\040\000a\000n\000d\000\040\000r\000e\000q\000u\000e\000s\000t\000s}{section.5}% 29
\BOOKMARK [2][-]{subsection.5.4}{\376\377\000C\000o\000o\000r\000d\000i\000n\000a\000t\000i\000o\000n\000\040\000g\000r\000o\000u\000p\000s}{section.5}% 30
\BOOKMARK [1][-]{section.6}{\376\377\000T\000h\000e\000\040\000O\000V\000a\000l\000u\000e\000\040\000s\000e\000m\000a\000n\000t\000i\000c\000\040\000b\000o\000u\000n\000d\000a\000r\000y}{}% 31
\BOOKMARK [2][-]{subsection.6.1}{\376\377\000A\000u\000t\000h\000o\000r\000a\000b\000l\000e\000\040\000t\000a\000g\000g\000e\000d\000\040\000O\000V\000a\000l\000u\000e\000\040\000s\000c\000h\000e\000m\000a}{section.6}% 32
\BOOKMARK [2][-]{subsection.6.2}{\376\377\000F\000i\000d\000e\000l\000i\000t\000y}{section.6}% 33
\BOOKMARK [2][-]{subsection.6.3}{\376\377\000R\000e\000p\000r\000e\000s\000e\000n\000t\000a\000t\000i\000o\000n\000-\000s\000e\000n\000s\000i\000t\000i\000v\000e\000\040\000i\000d\000e\000n\000t\000i\000t\000y}{section.6}% 34
\BOOKMARK [2][-]{subsection.6.4}{\376\377\000W\000i\000r\000e\000\040\000p\000r\000o\000t\000o\000c\000o\000l}{section.6}% 35
\BOOKMARK [1][-]{section.7}{\376\377\000B\000a\000c\000k\000e\000n\000d\000s\000,\000\040\000a\000c\000t\000o\000r\000s\000,\000\040\000a\000n\000d\000\040\000a\000u\000t\000h\000o\000r\000i\000t\000y}{}% 36
\BOOKMARK [2][-]{subsection.7.1}{\376\377\000S\000t\000a\000t\000i\000c\000\040\000r\000e\000g\000i\000s\000t\000r\000y}{section.7}% 37
\BOOKMARK [2][-]{subsection.7.2}{\376\377\000A\000c\000t\000o\000r\000\040\000p\000r\000o\000c\000e\000s\000s\000\040\000m\000o\000d\000e\000l}{section.7}% 38
\BOOKMARK [2][-]{subsection.7.3}{\376\377\000H\000o\000s\000t\000e\000d\000\040\000a\000u\000t\000h\000o\000r\000i\000t\000y\000\040\000m\000o\000d\000e\000l}{section.7}% 39
\BOOKMARK [1][-]{section.8}{\376\377\000O\000I\000R\000,\000\040\000p\000l\000a\000n\000s\000,\000\040\000e\000f\000f\000e\000c\000t\000s\000,\000\040\000a\000n\000d\000\040\000H\000G\000r\000a\000p\000h\000\040\000e\000x\000e\000c\000u\000t\000i\000o\000n}{}% 40
\BOOKMARK [2][-]{subsection.8.1}{\376\377\000O\000I\000R\000\040\000i\000s\000\040\000o\000r\000c\000h\000e\000s\000t\000r\000a\000t\000i\000o\000n\000\040\000I\000R}{section.8}% 41
\BOOKMARK [2][-]{subsection.8.2}{\376\377\000E\000x\000e\000c\000u\000t\000i\000o\000n\000\040\000p\000l\000a\000n}{section.8}% 42
\BOOKMARK [2][-]{subsection.8.3}{\376\377\000S\000t\000a\000t\000e\000-\000c\000o\000m\000p\000l\000e\000t\000e\000\040\000H\000G\000r\000a\000p\000h}{section.8}% 43
\BOOKMARK [2][-]{subsection.8.4}{\376\377\000E\000f\000f\000e\000c\000t\000s\000\040\000a\000n\000d\000\040\000e\000x\000p\000l\000i\000c\000i\000t\000\040\000r\000e\000s\000o\000u\000r\000c\000e\000\040\000s\000t\000a\000t\000e}{section.8}% 44
\BOOKMARK [1][-]{section.9}{\376\377\000P\000r\000o\000j\000e\000c\000t\000s\000,\000\040\000l\000i\000n\000k\000i\000n\000g\000,\000\040\000a\000n\000d\000\040\000r\000o\000u\000t\000e\000\040\000p\000o\000l\000i\000c\000i\000e\000s}{}% 45
\BOOKMARK [2][-]{subsection.9.1}{\376\377\000P\000r\000o\000j\000e\000c\000t\000\040\000l\000i\000f\000t\000i\000n\000g\000\040\000a\000n\000d\000\040\000l\000i\000t\000e\000r\000a\000l\000\040\000l\000i\000n\000k\000i\000n\000g}{section.9}% 46
\BOOKMARK [2][-]{subsection.9.2}{\376\377\000C\000o\000m\000p\000i\000l\000e\000r\000-\000e\000m\000i\000t\000t\000e\000d\000\040\000P\000r\000o\000j\000e\000c\000t\000\040\000H\000G\000r\000a\000p\000h\000\040\000f\000r\000o\000m\000\040\000a\000n\000\040\000o\000-\000l\000i\000n\000k\000e\000d\000\040\000c\000o\000d\000e\000b\000a\000s\000e}{section.9}% 47
\BOOKMARK [2][-]{subsection.9.3}{\376\377\000B\000u\000n\000d\000l\000e\000\040\000m\000o\000d\000e\000l}{section.9}% 48
\BOOKMARK [2][-]{subsection.9.4}{\376\377\000R\000o\000u\000t\000e\000s}{section.9}% 49
\BOOKMARK [2][-]{subsection.9.5}{\376\377\000U\000n\000l\000i\000n\000k\000i\000n\000g}{section.9}% 50
\BOOKMARK [1][-]{section.10}{\376\377\000T\000o\000o\000l\000c\000h\000a\000i\000n\000\040\000a\000n\000d\000\040\000i\000m\000p\000l\000e\000m\000e\000n\000t\000a\000t\000i\000o\000n\000\040\000e\000d\000i\000t\000i\000o\000n\000s}{}% 51
\BOOKMARK [2][-]{subsection.10.1}{\376\377\000P\000u\000b\000l\000i\000c\000\040\000b\000i\000n\000a\000r\000i\000e\000s}{section.10}% 52
\BOOKMARK [2][-]{subsection.10.2}{\376\377\000W\000h\000a\000t\000\040\000o\000l\000a\000n\000g\000c\000\040\000t\000a\000r\000g\000e\000t\000s\000\040\000m\000e\000a\000n}{section.10}% 53
\BOOKMARK [2][-]{subsection.10.3}{\376\377\000R\000e\000f\000e\000r\000e\000n\000c\000e\000\040\000i\000m\000p\000l\000e\000m\000e\000n\000t\000a\000t\000i\000o\000n\000s}{section.10}% 54
\BOOKMARK [2][-]{subsection.10.4}{\376\377\000R\000E\000P\000L\000\040\000a\000n\000d\000\040\000n\000o\000t\000e\000b\000o\000o\000k\000\040\000s\000t\000a\000t\000e}{section.10}% 55
\BOOKMARK [2][-]{subsection.10.5}{\376\377\000O\000-\000G\000i\000t}{section.10}% 56
\BOOKMARK [1][-]{section.11}{\376\377\000O\000-\000c\000o\000r\000e\000:\000\040\000t\000h\000e\000\040\000n\000a\000t\000i\000v\000e\000\040\000l\000a\000n\000g\000u\000a\000g\000e}{}% 57
\BOOKMARK [2][-]{subsection.11.1}{\376\377\000L\000a\000n\000g\000u\000a\000g\000e\000\040\000s\000u\000r\000f\000a\000c\000e}{section.11}% 58
\BOOKMARK [2][-]{subsection.11.2}{\376\377\000S\000t\000a\000t\000i\000c\000\040\000s\000e\000m\000a\000n\000t\000i\000c\000s}{section.11}% 59
\BOOKMARK [2][-]{subsection.11.3}{\376\377\000C\000o\000m\000p\000i\000l\000e\000r\000\040\000p\000i\000p\000e\000l\000i\000n\000e}{section.11}% 60
\BOOKMARK [2][-]{subsection.11.4}{\376\377\000C\000u\000r\000r\000e\000n\000t\000\040\000c\000o\000m\000p\000i\000l\000e\000r\000\040\000p\000r\000o\000f\000i\000l\000e}{section.11}% 61
\BOOKMARK [1][-]{section.12}{\376\377\000K\000e\000r\000n\000e\000l\000,\000\040\000c\000a\000p\000a\000b\000i\000l\000i\000t\000i\000e\000s\000,\000\040\000a\000n\000d\000\040\000n\000a\000t\000i\000v\000e\000\040\000e\000x\000e\000c\000u\000t\000i\000o\000n}{}% 62
\BOOKMARK [2][-]{subsection.12.1}{\376\377\000F\000r\000e\000e\000s\000t\000a\000n\000d\000i\000n\000g\000\040\000k\000e\000r\000n\000e\000l\000\040\000s\000u\000b\000s\000t\000r\000a\000t\000e}{section.12}% 63
\BOOKMARK [2][-]{subsection.12.2}{\376\377\000N\000a\000t\000i\000v\000e\000\040\000c\000a\000p\000a\000b\000i\000l\000i\000t\000y\000\040\000m\000o\000d\000e\000l}{section.12}% 64
\BOOKMARK [1][-]{section.13}{\376\377\000L\000i\000v\000e\000-\000W\000o\000r\000l\000d\000\040\000a\000n\000d\000\040\000K\000e\000r\000n\000e\000l\000W\000o\000r\000l\000d}{}% 65
\BOOKMARK [2][-]{subsection.13.1}{\376\377\000T\000h\000r\000e\000e\000\040\000d\000i\000f\000f\000e\000r\000e\000n\000t\000\040\000l\000a\000y\000e\000r\000s}{section.13}% 66
\BOOKMARK [2][-]{subsection.13.2}{\376\377\000L\000i\000v\000e\000-\000W\000o\000r\000l\000d\000\040\000c\000o\000m\000m\000a\000n\000d\000\040\000a\000n\000d\000\040\000s\000t\000a\000t\000e\000\040\000m\000o\000d\000e\000l}{section.13}% 67
\BOOKMARK [2][-]{subsection.13.3}{\376\377\000A\000u\000t\000h\000o\000r\000a\000b\000l\000e\000\040\000L\000i\000v\000e\000-\000W\000o\000r\000l\000d\000\040\000s\000c\000h\000e\000m\000a\000s}{section.13}% 68
\BOOKMARK [2][-]{subsection.13.4}{\376\377\000K\000e\000r\000n\000e\000l\000W\000o\000r\000l\000d\000\040\000a\000u\000t\000h\000o\000r\000i\000t\000y\000\040\000c\000h\000a\000i\000n}{section.13}% 69
\BOOKMARK [2][-]{subsection.13.5}{\376\377\000N\000a\000t\000i\000v\000e\000\040\000e\000x\000e\000c\000u\000t\000i\000o\000n\000\040\000l\000a\000d\000d\000e\000r}{section.13}% 70
\BOOKMARK [2][-]{subsection.13.6}{\376\377\000M\000o\000d\000e\000\040\0002\0000\000\040\000a\000n\000d\000\040\000M\000o\000d\000e\000\040\0002\0001}{section.13}% 71
\BOOKMARK [2][-]{subsection.13.7}{\376\377\000M\000o\000d\000e\000s\000\040\0002\0002\000\040\000t\000h\000r\000o\000u\000g\000h\000\040\0003\0004}{section.13}% 72
\BOOKMARK [1][-]{section.14}{\376\377\000R\000e\000p\000r\000o\000d\000u\000c\000i\000b\000i\000l\000i\000t\000y\000\040\000a\000n\000d\000\040\000c\000u\000r\000r\000e\000n\000t\000-\000m\000a\000s\000t\000e\000r\000\040\000e\000v\000i\000d\000e\000n\000c\000e}{}% 73
\BOOKMARK [2][-]{subsection.14.1}{\376\377\000E\000v\000i\000d\000e\000n\000c\000e\000\040\000c\000l\000a\000s\000s\000e\000s}{section.14}% 74
\BOOKMARK [2][-]{subsection.14.2}{\376\377\000C\000u\000r\000r\000e\000n\000t\000\040\000s\000n\000a\000p\000s\000h\000o\000t\000\040\000c\000h\000e\000c\000k\000s}{section.14}% 75
\BOOKMARK [2][-]{subsection.14.3}{\376\377\000E\000x\000a\000c\000t\000\040\000r\000e\000p\000r\000o\000d\000u\000c\000t\000i\000o\000n\000\040\000c\000o\000m\000m\000a\000n\000d\000s}{section.14}% 76
\BOOKMARK [2][-]{subsection.14.4}{\376\377\000C\000o\000v\000e\000r\000a\000g\000e\000\040\000a\000c\000c\000o\000u\000n\000t\000i\000n\000g}{section.14}% 77
\BOOKMARK [1][-]{section.15}{\376\377\000I\000m\000p\000l\000e\000m\000e\000n\000t\000e\000d\000\040\000c\000a\000p\000a\000b\000i\000l\000i\000t\000i\000e\000s}{}% 78
\BOOKMARK [1][-]{section.16}{\376\377\000D\000e\000s\000i\000g\000n\000\040\000r\000a\000t\000i\000o\000n\000a\000l\000e}{}% 79
\BOOKMARK [2][-]{subsection.16.1}{\376\377\000W\000h\000y\000\040\000e\000v\000a\000l\000u\000a\000t\000o\000r\000\040\000i\000d\000e\000n\000t\000i\000t\000y\000\040\000i\000s\000\040\000s\000y\000n\000t\000a\000x}{section.16}% 80
\BOOKMARK [2][-]{subsection.16.2}{\376\377\000W\000h\000y\000\040\000g\000r\000a\000p\000h\000\040\000s\000t\000a\000t\000e\000\040\000i\000s\000\040\000e\000x\000p\000l\000i\000c\000i\000t}{section.16}% 81
\BOOKMARK [2][-]{subsection.16.3}{\376\377\000W\000h\000y\000\040\000a\000n\000a\000l\000y\000s\000i\000s\000\040\000a\000n\000d\000\040\000a\000u\000t\000h\000o\000r\000i\000t\000y\000\040\000a\000r\000e\000\040\000s\000e\000p\000a\000r\000a\000t\000e\000\040\000o\000b\000j\000e\000c\000t\000s}{section.16}% 82
\BOOKMARK [2][-]{subsection.16.4}{\376\377\000W\000h\000y\000\040\000t\000h\000e\000\040\000e\000n\000g\000i\000n\000e\000\040\000o\000w\000n\000s\000\040\000t\000h\000e\000\040\000t\000y\000p\000e\000s}{section.16}% 83
\BOOKMARK [2][-]{subsection.16.5}{\376\377\000W\000h\000y\000\040\000a\000d\000m\000i\000s\000s\000i\000o\000n\000\040\000i\000s\000\040\000t\000y\000p\000e\000d\000\040\000a\000c\000r\000o\000s\000s\000\040\000l\000a\000y\000e\000r\000s}{section.16}% 84
\BOOKMARK [2][-]{subsection.16.6}{\376\377\000W\000h\000y\000\040\000p\000l\000a\000c\000e\000m\000e\000n\000t\000\040\000b\000e\000g\000i\000n\000s\000\040\000w\000i\000t\000h\000\040\000c\000a\000p\000a\000c\000i\000t\000y}{section.16}% 85
\BOOKMARK [1][-]{section.17}{\376\377\000C\000o\000n\000c\000l\000u\000s\000i\000o\000n}{}% 86
\BOOKMARK [1][-]{appendix.A}{\376\377\000C\000o\000m\000p\000a\000c\000t\000\040\000h\000o\000s\000t\000e\000d\000-\000l\000a\000n\000g\000u\000a\000g\000e\000\040\000r\000e\000f\000e\000r\000e\000n\000c\000e}{}% 87
\BOOKMARK [2][-]{subsection.A.1}{\376\377\000E\000x\000a\000c\000t\000\040\000b\000u\000i\000l\000t\000i\000n\000\040\000s\000i\000g\000n\000a\000t\000u\000r\000e\000s}{appendix.A}% 88
\BOOKMARK [1][-]{appendix.B}{\376\377\000P\000u\000b\000l\000i\000c\000\040\000c\000o\000m\000m\000a\000n\000d\000\040\000r\000e\000f\000e\000r\000e\000n\000c\000e}{}% 89
\BOOKMARK [1][-]{appendix.C}{\376\377\000E\000x\000a\000m\000p\000l\000e\000\040\000a\000t\000l\000a\000s}{}% 90
\BOOKMARK [1][-]{appendix.D}{\376\377\000S\000o\000u\000r\000c\000e\000\040\000m\000a\000p}{}% 91
\BOOKMARK [1][-]{appendix.E}{\376\377\000C\000o\000m\000p\000l\000e\000t\000e\000\040\000o\000s\000t\000a\000d\000i\000x\000-\000a\000p\000i\000\040\000m\000o\000d\000u\000l\000e\000\040\000i\000n\000v\000e\000n\000t\000o\000r\000y}{}% 92
\BOOKMARK [1][-]{appendix.F}{\376\377\000A\000r\000c\000h\000i\000t\000e\000c\000t\000u\000r\000a\000l\000\040\000p\000o\000s\000i\000t\000i\000o\000n\000\040\000a\000m\000o\000n\000g\000\040\000n\000e\000i\000g\000h\000b\000o\000r\000i\000n\000g\000\040\000s\000y\000s\000t\000e\000m\000s}{}% 93
\BOOKMARK [1][-]{appendix.G}{\376\377\000R\000e\000p\000r\000o\000d\000u\000c\000t\000i\000o\000n\000\040\000c\000o\000m\000m\000a\000n\000d\000s}{}% 94
\BOOKMARK [2][-]{subsection.G.1}{\376\377\000P\000i\000n\000\040\000t\000h\000e\000\040\000s\000o\000u\000r\000c\000e\000\040\000a\000n\000d\000\040\000q\000u\000a\000l\000i\000f\000y\000\040\000t\000h\000e\000\040\000R\000u\000s\000t\000\040\000w\000o\000r\000k\000s\000p\000a\000c\000e}{appendix.G}% 95
\BOOKMARK [2][-]{subsection.G.2}{\376\377\000R\000u\000n\000\040\000t\000h\000e\000\040\000l\000a\000n\000g\000u\000a\000g\000e\000\040\000a\000n\000d\000\040\000u\000n\000i\000f\000i\000e\000d\000\040\000f\000r\000o\000n\000t\000\040\000d\000o\000o\000r}{appendix.G}% 96
\BOOKMARK [2][-]{subsection.G.3}{\376\377\000Q\000u\000a\000l\000i\000f\000y\000\040\000t\000h\000e\000\040\000i\000n\000d\000e\000p\000e\000n\000d\000e\000n\000t\000\040\000e\000n\000g\000i\000n\000e\000\040\000a\000n\000d\000\040\000M\000C\000P}{appendix.G}% 97
\BOOKMARK [2][-]{subsection.G.4}{\376\377\000G\000e\000n\000e\000r\000a\000t\000e\000\040\000a\000n\000d\000\040\000r\000e\000a\000d\000\040\000t\000h\000e\000\040\000o\000-\000l\000i\000n\000k\000e\000d\000\040\000P\000r\000o\000j\000e\000c\000t\000\040\000H\000G\000r\000a\000p\000h}{appendix.G}% 98
\BOOKMARK [2][-]{subsection.G.5}{\376\377\000R\000u\000n\000\040\000P\000r\000o\000j\000e\000c\000t\000\040\000H\000G\000r\000a\000p\000h\000,\000\040\000L\000i\000v\000e\000-\000W\000o\000r\000l\000d\000,\000\040\000a\000n\000d\000\040\000W\000o\000r\000l\000d\000\040\000g\000a\000t\000e\000s}{appendix.G}% 99
\BOOKMARK [2][-]{subsection.G.6}{\376\377\000R\000u\000n\000\040\000c\000o\000m\000p\000i\000l\000e\000r\000\040\000t\000a\000r\000g\000e\000t\000s}{appendix.G}% 100
\BOOKMARK [2][-]{subsection.G.7}{\376\377\000R\000u\000n\000\040\000t\000h\000e\000\040\000P\000y\000t\000h\000o\000n\000\040\000a\000n\000d\000\040\000C\0001\0007\000\040\000e\000d\000i\000t\000i\000o\000n\000s}{appendix.G}% 101
\BOOKMARK [2][-]{subsection.G.8}{\376\377\000I\000n\000s\000p\000e\000c\000t\000\040\000I\000n\000f\000o\000r\000m\000a\000t\000i\000o\000n\000,\000\040\000R\000e\000g\000i\000s\000t\000r\000y\000,\000\040\000a\000n\000d\000\040\000n\000o\000d\000e\000\040\000s\000u\000r\000f\000a\000c\000e\000s}{appendix.G}% 102
\BOOKMARK [1][-]{appendix.H}{\376\377\000C\000u\000r\000r\000e\000n\000t\000\040\000h\000o\000s\000t\000,\000\040\000i\000n\000t\000e\000g\000r\000a\000t\000i\000o\000n\000,\000\040\000a\000n\000d\000\040\000p\000r\000o\000o\000f\000\040\000b\000o\000u\000n\000d\000a\000r\000i\000e\000s}{}% 103
